// Jest Snapshot v1, https://goo.gl/fbAQLP

exports[`Select renders 1`] = `
<div
  class="select"
>
  <svg
    aria-hidden="true"
    class="icon icon"
    viewBox="0 0 512 512"
  >
    <path
      d="M430.394 88.254l-175.45 175.403L80.549 86.803l-80.001 80 259.03 259.056 252.968-253.016-82.152-84.589z"
    />
  </svg>
  <select />
</div>
`;
